Analysis & Synthesis report for PipeTemp_Controller
Mon Apr 29 11:59:19 2024
Quartus Prime Version 23.1std.0 Build 991 11/28/2023 SC Lite Edition


---------------------
; Table of Contents ;
---------------------
  1. Legal Notice
  2. Analysis & Synthesis Summary
  3. Analysis & Synthesis Settings
  4. Parallel Compilation
  5. Analysis & Synthesis Source Files Read
  6. Analysis & Synthesis Resource Usage Summary
  7. Analysis & Synthesis Resource Utilization by Entity
  8. State Machine - |PipeTemp_Controller|Current_State
  9. State Machine - |PipeTemp_Controller|Next_State
 10. Registers Removed During Synthesis
 11. Removed Registers Triggering Further Register Optimizations
 12. General Register Statistics
 13. Inverted Register Statistics
 14. Parameter Settings for User Entity Instance: Top-level Entity: |PipeTemp_Controller
 15. Parameter Settings for Inferred Entity Instance: lpm_divide:Mod0
 16. Parameter Settings for Inferred Entity Instance: lpm_divide:Div0
 17. Post-Synthesis Netlist Statistics for Top Partition
 18. Elapsed Time Per Partition
 19. Analysis & Synthesis Messages
 20. Analysis & Synthesis Suppressed Messages



----------------
; Legal Notice ;
----------------
Copyright (C) 2023  Intel Corporation. All rights reserved.
Your use of Intel Corporation's design tools, logic functions 
and other software and tools, and any partner logic 
functions, and any output files from any of the foregoing 
(including device programming or simulation files), and any 
associated documentation or information are expressly subject 
to the terms and conditions of the Intel Program License 
Subscription Agreement, the Intel Quartus Prime License Agreement,
the Intel FPGA IP License Agreement, or other applicable license
agreement, including, without limitation, that your use is for
the sole purpose of programming logic devices manufactured by
Intel and sold by Intel or its authorized distributors.  Please
refer to the applicable agreement for further details, at
https://fpgasoftware.intel.com/eula.



+-------------------------------------------------------------------------------------+
; Analysis & Synthesis Summary                                                        ;
+------------------------------------+------------------------------------------------+
; Analysis & Synthesis Status        ; Successful - Mon Apr 29 11:59:19 2024          ;
; Quartus Prime Version              ; 23.1std.0 Build 991 11/28/2023 SC Lite Edition ;
; Revision Name                      ; PipeTemp_Controller                            ;
; Top-level Entity Name              ; PipeTemp_Controller                            ;
; Family                             ; MAX 10                                         ;
; Total logic elements               ; 1,054                                          ;
;     Total combinational functions  ; 1,050                                          ;
;     Dedicated logic registers      ; 51                                             ;
; Total registers                    ; 51                                             ;
; Total pins                         ; 41                                             ;
; Total virtual pins                 ; 0                                              ;
; Total memory bits                  ; 0                                              ;
; Embedded Multiplier 9-bit elements ; 0                                              ;
; Total PLLs                         ; 0                                              ;
; UFM blocks                         ; 0                                              ;
; ADC blocks                         ; 0                                              ;
+------------------------------------+------------------------------------------------+


+--------------------------------------------------------------------------------------------------------------+
; Analysis & Synthesis Settings                                                                                ;
+------------------------------------------------------------------+---------------------+---------------------+
; Option                                                           ; Setting             ; Default Value       ;
+------------------------------------------------------------------+---------------------+---------------------+
; Device                                                           ; 10M50DAF484C6GES    ;                     ;
; Top-level entity name                                            ; PipeTemp_Controller ; PipeTemp_Controller ;
; Family name                                                      ; MAX 10              ; Cyclone V           ;
; Use smart compilation                                            ; Off                 ; Off                 ;
; Enable parallel Assembler and Timing Analyzer during compilation ; On                  ; On                  ;
; Enable compact report table                                      ; Off                 ; Off                 ;
; Restructure Multiplexers                                         ; Auto                ; Auto                ;
; Create Debugging Nodes for IP Cores                              ; Off                 ; Off                 ;
; Preserve fewer node names                                        ; On                  ; On                  ;
; Intel FPGA IP Evaluation Mode                                    ; Enable              ; Enable              ;
; Verilog Version                                                  ; Verilog_2001        ; Verilog_2001        ;
; VHDL Version                                                     ; VHDL_1993           ; VHDL_1993           ;
; State Machine Processing                                         ; Auto                ; Auto                ;
; Safe State Machine                                               ; Off                 ; Off                 ;
; Extract Verilog State Machines                                   ; On                  ; On                  ;
; Extract VHDL State Machines                                      ; On                  ; On                  ;
; Ignore Verilog initial constructs                                ; Off                 ; Off                 ;
; Iteration limit for constant Verilog loops                       ; 5000                ; 5000                ;
; Iteration limit for non-constant Verilog loops                   ; 250                 ; 250                 ;
; Add Pass-Through Logic to Inferred RAMs                          ; On                  ; On                  ;
; Infer RAMs from Raw Logic                                        ; On                  ; On                  ;
; Parallel Synthesis                                               ; On                  ; On                  ;
; DSP Block Balancing                                              ; Auto                ; Auto                ;
; NOT Gate Push-Back                                               ; On                  ; On                  ;
; Power-Up Don't Care                                              ; On                  ; On                  ;
; Remove Redundant Logic Cells                                     ; Off                 ; Off                 ;
; Remove Duplicate Registers                                       ; On                  ; On                  ;
; Ignore CARRY Buffers                                             ; Off                 ; Off                 ;
; Ignore CASCADE Buffers                                           ; Off                 ; Off                 ;
; Ignore GLOBAL Buffers                                            ; Off                 ; Off                 ;
; Ignore ROW GLOBAL Buffers                                        ; Off                 ; Off                 ;
; Ignore LCELL Buffers                                             ; Off                 ; Off                 ;
; Ignore SOFT Buffers                                              ; On                  ; On                  ;
; Limit AHDL Integers to 32 Bits                                   ; Off                 ; Off                 ;
; Optimization Technique                                           ; Balanced            ; Balanced            ;
; Carry Chain Length                                               ; 70                  ; 70                  ;
; Auto Carry Chains                                                ; On                  ; On                  ;
; Auto Open-Drain Pins                                             ; On                  ; On                  ;
; Perform WYSIWYG Primitive Resynthesis                            ; Off                 ; Off                 ;
; Auto ROM Replacement                                             ; On                  ; On                  ;
; Auto RAM Replacement                                             ; On                  ; On                  ;
; Auto DSP Block Replacement                                       ; On                  ; On                  ;
; Auto Shift Register Replacement                                  ; Auto                ; Auto                ;
; Allow Shift Register Merging across Hierarchies                  ; Auto                ; Auto                ;
; Auto Clock Enable Replacement                                    ; On                  ; On                  ;
; Strict RAM Replacement                                           ; Off                 ; Off                 ;
; Allow Synchronous Control Signals                                ; On                  ; On                  ;
; Force Use of Synchronous Clear Signals                           ; Off                 ; Off                 ;
; Auto RAM Block Balancing                                         ; On                  ; On                  ;
; Auto RAM to Logic Cell Conversion                                ; Off                 ; Off                 ;
; Auto Resource Sharing                                            ; Off                 ; Off                 ;
; Allow Any RAM Size For Recognition                               ; Off                 ; Off                 ;
; Allow Any ROM Size For Recognition                               ; Off                 ; Off                 ;
; Allow Any Shift Register Size For Recognition                    ; Off                 ; Off                 ;
; Use LogicLock Constraints during Resource Balancing              ; On                  ; On                  ;
; Ignore translate_off and synthesis_off directives                ; Off                 ; Off                 ;
; Timing-Driven Synthesis                                          ; On                  ; On                  ;
; Report Parameter Settings                                        ; On                  ; On                  ;
; Report Source Assignments                                        ; On                  ; On                  ;
; Report Connectivity Checks                                       ; On                  ; On                  ;
; Ignore Maximum Fan-Out Assignments                               ; Off                 ; Off                 ;
; Synchronization Register Chain Length                            ; 2                   ; 2                   ;
; Power Optimization During Synthesis                              ; Normal compilation  ; Normal compilation  ;
; HDL message level                                                ; Level2              ; Level2              ;
; Suppress Register Optimization Related Messages                  ; Off                 ; Off                 ;
; Number of Removed Registers Reported in Synthesis Report         ; 5000                ; 5000                ;
; Number of Swept Nodes Reported in Synthesis Report               ; 5000                ; 5000                ;
; Number of Inverted Registers Reported in Synthesis Report        ; 100                 ; 100                 ;
; Clock MUX Protection                                             ; On                  ; On                  ;
; Auto Gated Clock Conversion                                      ; Off                 ; Off                 ;
; Block Design Naming                                              ; Auto                ; Auto                ;
; SDC constraint protection                                        ; Off                 ; Off                 ;
; Synthesis Effort                                                 ; Auto                ; Auto                ;
; Shift Register Replacement - Allow Asynchronous Clear Signal     ; On                  ; On                  ;
; Pre-Mapping Resynthesis Optimization                             ; Off                 ; Off                 ;
; Analysis & Synthesis Message Level                               ; Medium              ; Medium              ;
; Disable Register Merging Across Hierarchies                      ; Auto                ; Auto                ;
; Resource Aware Inference For Block RAM                           ; On                  ; On                  ;
+------------------------------------------------------------------+---------------------+---------------------+


+------------------------------------------+
; Parallel Compilation                     ;
+----------------------------+-------------+
; Processors                 ; Number      ;
+----------------------------+-------------+
; Number detected on machine ; 8           ;
; Maximum allowed            ; 4           ;
;                            ;             ;
; Average used               ; 1.00        ;
; Maximum used               ; 4           ;
;                            ;             ;
; Usage by Processor         ; % Time Used ;
;     Processor 1            ; 100.0%      ;
;     Processor 2            ;   0.0%      ;
;     Processor 3            ;   0.0%      ;
;     Processor 4            ;   0.0%      ;
+----------------------------+-------------+


+----------------------------------------------------------------------------------------------------------------------------------------------------------------------------------+
; Analysis & Synthesis Source Files Read                                                                                                                                           ;
+----------------------------------+-----------------+------------------------------+------------------------------------------------------------------------------------+---------+
; File Name with User-Entered Path ; Used in Netlist ; File Type                    ; File Name with Absolute Path                                                       ; Library ;
+----------------------------------+-----------------+------------------------------+------------------------------------------------------------------------------------+---------+
; PipeTemp_Controller.v            ; yes             ; User Verilog HDL File        ; D:/Codes/VeriLog/PipeTemp_Controller.v                                             ;         ;
; lpm_divide.tdf                   ; yes             ; Megafunction                 ; d:/apps/intelfpga_lite/23.1std/quartus/libraries/megafunctions/lpm_divide.tdf      ;         ;
; abs_divider.inc                  ; yes             ; Megafunction                 ; d:/apps/intelfpga_lite/23.1std/quartus/libraries/megafunctions/abs_divider.inc     ;         ;
; sign_div_unsign.inc              ; yes             ; Megafunction                 ; d:/apps/intelfpga_lite/23.1std/quartus/libraries/megafunctions/sign_div_unsign.inc ;         ;
; aglobal231.inc                   ; yes             ; Megafunction                 ; d:/apps/intelfpga_lite/23.1std/quartus/libraries/megafunctions/aglobal231.inc      ;         ;
; db/lpm_divide_rll.tdf            ; yes             ; Auto-Generated Megafunction  ; D:/Codes/VeriLog/db/lpm_divide_rll.tdf                                             ;         ;
; db/sign_div_unsign_qlh.tdf       ; yes             ; Auto-Generated Megafunction  ; D:/Codes/VeriLog/db/sign_div_unsign_qlh.tdf                                        ;         ;
; db/alt_u_div_uhe.tdf             ; yes             ; Auto-Generated Megafunction  ; D:/Codes/VeriLog/db/alt_u_div_uhe.tdf                                              ;         ;
; db/add_sub_t3c.tdf               ; yes             ; Auto-Generated Megafunction  ; D:/Codes/VeriLog/db/add_sub_t3c.tdf                                                ;         ;
; db/add_sub_u3c.tdf               ; yes             ; Auto-Generated Megafunction  ; D:/Codes/VeriLog/db/add_sub_u3c.tdf                                                ;         ;
; db/lpm_divide_otl.tdf            ; yes             ; Auto-Generated Megafunction  ; D:/Codes/VeriLog/db/lpm_divide_otl.tdf                                             ;         ;
+----------------------------------+-----------------+------------------------------+------------------------------------------------------------------------------------+---------+


+-----------------------------------------------------------+
; Analysis & Synthesis Resource Usage Summary               ;
+---------------------------------------------+-------------+
; Resource                                    ; Usage       ;
+---------------------------------------------+-------------+
; Estimated Total logic elements              ; 1,054       ;
;                                             ;             ;
; Total combinational functions               ; 1050        ;
; Logic element usage by number of LUT inputs ;             ;
;     -- 4 input functions                    ; 237         ;
;     -- 3 input functions                    ; 286         ;
;     -- <=2 input functions                  ; 527         ;
;                                             ;             ;
; Logic elements by mode                      ;             ;
;     -- normal mode                          ; 751         ;
;     -- arithmetic mode                      ; 299         ;
;                                             ;             ;
; Total registers                             ; 51          ;
;     -- Dedicated logic registers            ; 51          ;
;     -- I/O registers                        ; 0           ;
;                                             ;             ;
; I/O pins                                    ; 41          ;
;                                             ;             ;
; Embedded Multiplier 9-bit elements          ; 0           ;
;                                             ;             ;
; Maximum fan-out node                        ; Clock~input ;
; Maximum fan-out                             ; 51          ;
; Total fan-out                               ; 2996        ;
; Average fan-out                             ; 2.53        ;
+---------------------------------------------+-------------+


+----------------------------------------------------------------------------------------------------------------------------------------------------------------------------------------------------------------------------------------------------------------------------------------------------------------------------------------------------------+
; Analysis & Synthesis Resource Utilization by Entity                                                                                                                                                                                                                                                                                                      ;
+-----------------------------------------+---------------------+---------------------------+-------------+------------+--------------+---------+-----------+------+--------------+------------+----------------------------------------------------------------------------------------------------------------------+---------------------+--------------+
; Compilation Hierarchy Node              ; Combinational ALUTs ; Dedicated Logic Registers ; Memory Bits ; UFM Blocks ; DSP Elements ; DSP 9x9 ; DSP 18x18 ; Pins ; Virtual Pins ; ADC blocks ; Full Hierarchy Name                                                                                                  ; Entity Name         ; Library Name ;
+-----------------------------------------+---------------------+---------------------------+-------------+------------+--------------+---------+-----------+------+--------------+------------+----------------------------------------------------------------------------------------------------------------------+---------------------+--------------+
; |PipeTemp_Controller                    ; 1050 (87)           ; 51 (51)                   ; 0           ; 0          ; 0            ; 0       ; 0         ; 41   ; 0            ; 0          ; |PipeTemp_Controller                                                                                                 ; PipeTemp_Controller ; work         ;
;    |decoder_7seg:decoder_minutes_units| ; 7 (7)               ; 0 (0)                     ; 0           ; 0          ; 0            ; 0       ; 0         ; 0    ; 0            ; 0          ; |PipeTemp_Controller|decoder_7seg:decoder_minutes_units                                                              ; decoder_7seg        ; work         ;
;    |decoder_7seg:decoder_seconds_tens|  ; 7 (7)               ; 0 (0)                     ; 0           ; 0          ; 0            ; 0       ; 0         ; 0    ; 0            ; 0          ; |PipeTemp_Controller|decoder_7seg:decoder_seconds_tens                                                               ; decoder_7seg        ; work         ;
;    |decoder_7seg:decoder_seconds_units| ; 7 (7)               ; 0 (0)                     ; 0           ; 0          ; 0            ; 0       ; 0         ; 0    ; 0            ; 0          ; |PipeTemp_Controller|decoder_7seg:decoder_seconds_units                                                              ; decoder_7seg        ; work         ;
;    |lpm_divide:Div0|                    ; 500 (0)             ; 0 (0)                     ; 0           ; 0          ; 0            ; 0       ; 0         ; 0    ; 0            ; 0          ; |PipeTemp_Controller|lpm_divide:Div0                                                                                 ; lpm_divide          ; work         ;
;       |lpm_divide_otl:auto_generated|   ; 500 (0)             ; 0 (0)                     ; 0           ; 0          ; 0            ; 0       ; 0         ; 0    ; 0            ; 0          ; |PipeTemp_Controller|lpm_divide:Div0|lpm_divide_otl:auto_generated                                                   ; lpm_divide_otl      ; work         ;
;          |sign_div_unsign_qlh:divider|  ; 500 (0)             ; 0 (0)                     ; 0           ; 0          ; 0            ; 0       ; 0         ; 0    ; 0            ; 0          ; |PipeTemp_Controller|lpm_divide:Div0|lpm_divide_otl:auto_generated|sign_div_unsign_qlh:divider                       ; sign_div_unsign_qlh ; work         ;
;             |alt_u_div_uhe:divider|     ; 500 (500)           ; 0 (0)                     ; 0           ; 0          ; 0            ; 0       ; 0         ; 0    ; 0            ; 0          ; |PipeTemp_Controller|lpm_divide:Div0|lpm_divide_otl:auto_generated|sign_div_unsign_qlh:divider|alt_u_div_uhe:divider ; alt_u_div_uhe       ; work         ;
;    |lpm_divide:Mod0|                    ; 442 (0)             ; 0 (0)                     ; 0           ; 0          ; 0            ; 0       ; 0         ; 0    ; 0            ; 0          ; |PipeTemp_Controller|lpm_divide:Mod0                                                                                 ; lpm_divide          ; work         ;
;       |lpm_divide_rll:auto_generated|   ; 442 (0)             ; 0 (0)                     ; 0           ; 0          ; 0            ; 0       ; 0         ; 0    ; 0            ; 0          ; |PipeTemp_Controller|lpm_divide:Mod0|lpm_divide_rll:auto_generated                                                   ; lpm_divide_rll      ; work         ;
;          |sign_div_unsign_qlh:divider|  ; 442 (0)             ; 0 (0)                     ; 0           ; 0          ; 0            ; 0       ; 0         ; 0    ; 0            ; 0          ; |PipeTemp_Controller|lpm_divide:Mod0|lpm_divide_rll:auto_generated|sign_div_unsign_qlh:divider                       ; sign_div_unsign_qlh ; work         ;
;             |alt_u_div_uhe:divider|     ; 442 (442)           ; 0 (0)                     ; 0           ; 0          ; 0            ; 0       ; 0         ; 0    ; 0            ; 0          ; |PipeTemp_Controller|lpm_divide:Mod0|lpm_divide_rll:auto_generated|sign_div_unsign_qlh:divider|alt_u_div_uhe:divider ; alt_u_div_uhe       ; work         ;
+-----------------------------------------+---------------------+---------------------------+-------------+------------+--------------+---------+-----------+------+--------------+------------+----------------------------------------------------------------------------------------------------------------------+---------------------+--------------+
Note: For table entries with two numbers listed, the numbers in parentheses indicate the number of resources of the given type used by the specific entity alone. The numbers listed outside of parentheses indicate the total resources of the given type used by the specific entity and all of its sub-entities in the hierarchy.


Encoding Type:  One-Hot
+---------------------------------------------------------------------------------------------------------------------+
; State Machine - |PipeTemp_Controller|Current_State                                                                  ;
+------------------------+------------------------+---------------------+----------------------+----------------------+
; Name                   ; Current_State.SHUTDOWN ; Current_State.ALARM ; Current_State.NORMAL ; Current_State.IState ;
+------------------------+------------------------+---------------------+----------------------+----------------------+
; Current_State.IState   ; 0                      ; 0                   ; 0                    ; 0                    ;
; Current_State.NORMAL   ; 0                      ; 0                   ; 1                    ; 1                    ;
; Current_State.ALARM    ; 0                      ; 1                   ; 0                    ; 1                    ;
; Current_State.SHUTDOWN ; 1                      ; 0                   ; 0                    ; 1                    ;
+------------------------+------------------------+---------------------+----------------------+----------------------+


Encoding Type:  One-Hot
+----------------------------------------------------------------------------------+
; State Machine - |PipeTemp_Controller|Next_State                                  ;
+---------------------+---------------------+-------------------+------------------+
; Name                ; Next_State.SHUTDOWN ; Next_State.NORMAL ; Next_State.ALARM ;
+---------------------+---------------------+-------------------+------------------+
; Next_State.NORMAL   ; 0                   ; 0                 ; 0                ;
; Next_State.ALARM    ; 0                   ; 1                 ; 1                ;
; Next_State.SHUTDOWN ; 1                   ; 1                 ; 0                ;
+---------------------+---------------------+-------------------+------------------+


+--------------------------------------------------------------------------------+
; Registers Removed During Synthesis                                             ;
+---------------------------------------+----------------------------------------+
; Register name                         ; Reason for Removal                     ;
+---------------------------------------+----------------------------------------+
; minutes_tens[1..3]                    ; Stuck at GND due to stuck port data_in ;
; seconds_tens[3]                       ; Stuck at GND due to stuck port data_in ;
; Current_State~7                       ; Lost fanout                            ;
; Current_State~8                       ; Lost fanout                            ;
; Next_State.SHUTDOWN                   ; Stuck at GND due to stuck port data_in ;
; Current_State.SHUTDOWN                ; Stuck at GND due to stuck port data_in ;
; Shutdown~reg0                         ; Stuck at GND due to stuck port data_in ;
; Total Number of Removed Registers = 9 ;                                        ;
+---------------------------------------+----------------------------------------+


+------------------------------------------------------------------------------------------+
; Removed Registers Triggering Further Register Optimizations                              ;
+---------------------+---------------------------+----------------------------------------+
; Register name       ; Reason for Removal        ; Registers Removed due to This Register ;
+---------------------+---------------------------+----------------------------------------+
; Next_State.SHUTDOWN ; Stuck at GND              ; Current_State.SHUTDOWN, Shutdown~reg0  ;
;                     ; due to stuck port data_in ;                                        ;
+---------------------+---------------------------+----------------------------------------+


+------------------------------------------------------+
; General Register Statistics                          ;
+----------------------------------------------+-------+
; Statistic                                    ; Value ;
+----------------------------------------------+-------+
; Total registers                              ; 51    ;
; Number of registers using Synchronous Clear  ; 0     ;
; Number of registers using Synchronous Load   ; 0     ;
; Number of registers using Asynchronous Clear ; 37    ;
; Number of registers using Asynchronous Load  ; 0     ;
; Number of registers using Clock Enable       ; 49    ;
; Number of registers using Preset             ; 0     ;
+----------------------------------------------+-------+


+--------------------------------------------------+
; Inverted Register Statistics                     ;
+----------------------------------------+---------+
; Inverted Register                      ; Fan out ;
+----------------------------------------+---------+
; counter[2]                             ; 8       ;
; counter[7]                             ; 8       ;
; counter[8]                             ; 8       ;
; counter[9]                             ; 8       ;
; Total number of inverted registers = 4 ;         ;
+----------------------------------------+---------+


+-------------------------------------------------------------------------------------+
; Parameter Settings for User Entity Instance: Top-level Entity: |PipeTemp_Controller ;
+----------------+-------+------------------------------------------------------------+
; Parameter Name ; Value ; Type                                                       ;
+----------------+-------+------------------------------------------------------------+
; PERIOD         ; 900   ; Signed Integer                                             ;
+----------------+-------+------------------------------------------------------------+
Note: In order to hide this table in the UI and the text report file, please set the "Show Parameter Settings in Synthesis Report" option in "Analysis and Synthesis Settings -> More Settings" to "Off".


+------------------------------------------------------------------+
; Parameter Settings for Inferred Entity Instance: lpm_divide:Mod0 ;
+------------------------+----------------+------------------------+
; Parameter Name         ; Value          ; Type                   ;
+------------------------+----------------+------------------------+
; LPM_WIDTHN             ; 32             ; Untyped                ;
; LPM_WIDTHD             ; 6              ; Untyped                ;
; LPM_NREPRESENTATION    ; UNSIGNED       ; Untyped                ;
; LPM_DREPRESENTATION    ; UNSIGNED       ; Untyped                ;
; LPM_PIPELINE           ; 0              ; Untyped                ;
; LPM_REMAINDERPOSITIVE  ; TRUE           ; Untyped                ;
; MAXIMIZE_SPEED         ; 5              ; Untyped                ;
; CBXI_PARAMETER         ; lpm_divide_rll ; Untyped                ;
; CARRY_CHAIN            ; MANUAL         ; Untyped                ;
; OPTIMIZE_FOR_SPEED     ; 5              ; Untyped                ;
; AUTO_CARRY_CHAINS      ; ON             ; AUTO_CARRY             ;
; IGNORE_CARRY_BUFFERS   ; OFF            ; IGNORE_CARRY           ;
; AUTO_CASCADE_CHAINS    ; ON             ; AUTO_CASCADE           ;
; IGNORE_CASCADE_BUFFERS ; OFF            ; IGNORE_CASCADE         ;
+------------------------+----------------+------------------------+
Note: In order to hide this table in the UI and the text report file, please set the "Show Parameter Settings in Synthesis Report" option in "Analysis and Synthesis Settings -> More Settings" to "Off".


+------------------------------------------------------------------+
; Parameter Settings for Inferred Entity Instance: lpm_divide:Div0 ;
+------------------------+----------------+------------------------+
; Parameter Name         ; Value          ; Type                   ;
+------------------------+----------------+------------------------+
; LPM_WIDTHN             ; 32             ; Untyped                ;
; LPM_WIDTHD             ; 6              ; Untyped                ;
; LPM_NREPRESENTATION    ; UNSIGNED       ; Untyped                ;
; LPM_DREPRESENTATION    ; UNSIGNED       ; Untyped                ;
; LPM_PIPELINE           ; 0              ; Untyped                ;
; LPM_REMAINDERPOSITIVE  ; TRUE           ; Untyped                ;
; MAXIMIZE_SPEED         ; 5              ; Untyped                ;
; CBXI_PARAMETER         ; lpm_divide_otl ; Untyped                ;
; CARRY_CHAIN            ; MANUAL         ; Untyped                ;
; OPTIMIZE_FOR_SPEED     ; 5              ; Untyped                ;
; AUTO_CARRY_CHAINS      ; ON             ; AUTO_CARRY             ;
; IGNORE_CARRY_BUFFERS   ; OFF            ; IGNORE_CARRY           ;
; AUTO_CASCADE_CHAINS    ; ON             ; AUTO_CASCADE           ;
; IGNORE_CASCADE_BUFFERS ; OFF            ; IGNORE_CASCADE         ;
+------------------------+----------------+------------------------+
Note: In order to hide this table in the UI and the text report file, please set the "Show Parameter Settings in Synthesis Report" option in "Analysis and Synthesis Settings -> More Settings" to "Off".


+-----------------------------------------------------+
; Post-Synthesis Netlist Statistics for Top Partition ;
+-----------------------+-----------------------------+
; Type                  ; Count                       ;
+-----------------------+-----------------------------+
; boundary_port         ; 41                          ;
; cycloneiii_ff         ; 51                          ;
;     CLR               ; 2                           ;
;     ENA               ; 14                          ;
;     ENA CLR           ; 35                          ;
; cycloneiii_lcell_comb ; 1073                        ;
;     arith             ; 299                         ;
;         2 data inputs ; 39                          ;
;         3 data inputs ; 260                         ;
;     normal            ; 774                         ;
;         0 data inputs ; 56                          ;
;         1 data inputs ; 32                          ;
;         2 data inputs ; 423                         ;
;         3 data inputs ; 26                          ;
;         4 data inputs ; 237                         ;
;                       ;                             ;
; Max LUT depth         ; 71.40                       ;
; Average LUT depth     ; 60.71                       ;
+-----------------------+-----------------------------+


+-------------------------------+
; Elapsed Time Per Partition    ;
+----------------+--------------+
; Partition Name ; Elapsed Time ;
+----------------+--------------+
; Top            ; 00:00:01     ;
+----------------+--------------+


+-------------------------------+
; Analysis & Synthesis Messages ;
+-------------------------------+
Info: *******************************************************************
Info: Running Quartus Prime Analysis & Synthesis
    Info: Version 23.1std.0 Build 991 11/28/2023 SC Lite Edition
    Info: Processing started: Mon Apr 29 11:59:10 2024
Info: Command: quartus_map --read_settings_files=on --write_settings_files=off PipeTemp_Controller -c PipeTemp_Controller
Warning (18236): Number of processors has not been specified which may cause overloading on shared machines.  Set the global assignment NUM_PARALLEL_PROCESSORS in your QSF to an appropriate value for best performance.
Info (20030): Parallel compilation is enabled and will use 4 of the 4 processors detected
Info (12021): Found 2 design units, including 2 entities, in source file pipetemp_controller.v
    Info (12023): Found entity 1: PipeTemp_Controller File: D:/Codes/VeriLog/PipeTemp_Controller.v Line: 28
    Info (12023): Found entity 2: decoder_7seg File: D:/Codes/VeriLog/PipeTemp_Controller.v Line: 242
Info (12127): Elaborating entity "PipeTemp_Controller" for the top level hierarchy
Warning (10230): Verilog HDL assignment warning at PipeTemp_Controller.v(117): truncated value with size 32 to match size of target (6) File: D:/Codes/VeriLog/PipeTemp_Controller.v Line: 117
Warning (10230): Verilog HDL assignment warning at PipeTemp_Controller.v(118): truncated value with size 32 to match size of target (4) File: D:/Codes/VeriLog/PipeTemp_Controller.v Line: 118
Warning (10230): Verilog HDL assignment warning at PipeTemp_Controller.v(162): truncated value with size 32 to match size of target (6) File: D:/Codes/VeriLog/PipeTemp_Controller.v Line: 162
Warning (10230): Verilog HDL assignment warning at PipeTemp_Controller.v(163): truncated value with size 32 to match size of target (4) File: D:/Codes/VeriLog/PipeTemp_Controller.v Line: 163
Warning (10230): Verilog HDL assignment warning at PipeTemp_Controller.v(166): truncated value with size 32 to match size of target (4) File: D:/Codes/VeriLog/PipeTemp_Controller.v Line: 166
Warning (10230): Verilog HDL assignment warning at PipeTemp_Controller.v(173): truncated value with size 32 to match size of target (4) File: D:/Codes/VeriLog/PipeTemp_Controller.v Line: 173
Warning (10230): Verilog HDL assignment warning at PipeTemp_Controller.v(176): truncated value with size 32 to match size of target (4) File: D:/Codes/VeriLog/PipeTemp_Controller.v Line: 176
Warning (10230): Verilog HDL assignment warning at PipeTemp_Controller.v(179): truncated value with size 32 to match size of target (4) File: D:/Codes/VeriLog/PipeTemp_Controller.v Line: 179
Warning (10230): Verilog HDL assignment warning at PipeTemp_Controller.v(182): truncated value with size 32 to match size of target (4) File: D:/Codes/VeriLog/PipeTemp_Controller.v Line: 182
Warning (10230): Verilog HDL assignment warning at PipeTemp_Controller.v(185): truncated value with size 32 to match size of target (4) File: D:/Codes/VeriLog/PipeTemp_Controller.v Line: 185
Warning (10230): Verilog HDL assignment warning at PipeTemp_Controller.v(188): truncated value with size 6 to match size of target (4) File: D:/Codes/VeriLog/PipeTemp_Controller.v Line: 188
Info (12128): Elaborating entity "decoder_7seg" for hierarchy "decoder_7seg:decoder_seconds_units" File: D:/Codes/VeriLog/PipeTemp_Controller.v Line: 70
Info (278001): Inferred 2 megafunctions from design logic
    Info (278004): Inferred divider/modulo megafunction ("lpm_divide") from the following logic: "Mod0" File: D:/Codes/VeriLog/PipeTemp_Controller.v Line: 162
    Info (278004): Inferred divider/modulo megafunction ("lpm_divide") from the following logic: "Div0" File: D:/Codes/VeriLog/PipeTemp_Controller.v Line: 163
Info (12130): Elaborated megafunction instantiation "lpm_divide:Mod0" File: D:/Codes/VeriLog/PipeTemp_Controller.v Line: 162
Info (12133): Instantiated megafunction "lpm_divide:Mod0" with the following parameter: File: D:/Codes/VeriLog/PipeTemp_Controller.v Line: 162
    Info (12134): Parameter "LPM_WIDTHN" = "32"
    Info (12134): Parameter "LPM_WIDTHD" = "6"
    Info (12134): Parameter "LPM_NREPRESENTATION" = "UNSIGNED"
    Info (12134): Parameter "LPM_DREPRESENTATION" = "UNSIGNED"
Info (12021): Found 1 design units, including 1 entities, in source file db/lpm_divide_rll.tdf
    Info (12023): Found entity 1: lpm_divide_rll File: D:/Codes/VeriLog/db/lpm_divide_rll.tdf Line: 25
Info (12021): Found 1 design units, including 1 entities, in source file db/sign_div_unsign_qlh.tdf
    Info (12023): Found entity 1: sign_div_unsign_qlh File: D:/Codes/VeriLog/db/sign_div_unsign_qlh.tdf Line: 25
Info (12021): Found 1 design units, including 1 entities, in source file db/alt_u_div_uhe.tdf
    Info (12023): Found entity 1: alt_u_div_uhe File: D:/Codes/VeriLog/db/alt_u_div_uhe.tdf Line: 27
Info (12021): Found 1 design units, including 1 entities, in source file db/add_sub_t3c.tdf
    Info (12023): Found entity 1: add_sub_t3c File: D:/Codes/VeriLog/db/add_sub_t3c.tdf Line: 23
Info (12021): Found 1 design units, including 1 entities, in source file db/add_sub_u3c.tdf
    Info (12023): Found entity 1: add_sub_u3c File: D:/Codes/VeriLog/db/add_sub_u3c.tdf Line: 23
Info (12130): Elaborated megafunction instantiation "lpm_divide:Div0" File: D:/Codes/VeriLog/PipeTemp_Controller.v Line: 163
Info (12133): Instantiated megafunction "lpm_divide:Div0" with the following parameter: File: D:/Codes/VeriLog/PipeTemp_Controller.v Line: 163
    Info (12134): Parameter "LPM_WIDTHN" = "32"
    Info (12134): Parameter "LPM_WIDTHD" = "6"
    Info (12134): Parameter "LPM_NREPRESENTATION" = "UNSIGNED"
    Info (12134): Parameter "LPM_DREPRESENTATION" = "UNSIGNED"
Info (12021): Found 1 design units, including 1 entities, in source file db/lpm_divide_otl.tdf
    Info (12023): Found entity 1: lpm_divide_otl File: D:/Codes/VeriLog/db/lpm_divide_otl.tdf Line: 25
Warning (13024): Output pins are stuck at VCC or GND
    Warning (13410): Pin "Shutdown" is stuck at GND File: D:/Codes/VeriLog/PipeTemp_Controller.v Line: 33
    Warning (13410): Pin "tens_minutes_segment_leds[0]" is stuck at VCC File: D:/Codes/VeriLog/PipeTemp_Controller.v Line: 39
    Warning (13410): Pin "tens_minutes_segment_leds[4]" is stuck at GND File: D:/Codes/VeriLog/PipeTemp_Controller.v Line: 39
    Warning (13410): Pin "tens_minutes_segment_leds[5]" is stuck at GND File: D:/Codes/VeriLog/PipeTemp_Controller.v Line: 39
Info (286030): Timing-Driven Synthesis is running
Info (17049): 2 registers lost all their fanouts during netlist optimizations.
Info (17016): Found the following redundant logic cells in design
    Info (17048): Logic cell "lpm_divide:Mod0|lpm_divide_rll:auto_generated|sign_div_unsign_qlh:divider|alt_u_div_uhe:divider|add_sub_22_result_int[0]~12" File: D:/Codes/VeriLog/db/alt_u_div_uhe.tdf Line: 102
    Info (17048): Logic cell "lpm_divide:Mod0|lpm_divide_rll:auto_generated|sign_div_unsign_qlh:divider|alt_u_div_uhe:divider|add_sub_23_result_int[0]~12" File: D:/Codes/VeriLog/db/alt_u_div_uhe.tdf Line: 107
    Info (17048): Logic cell "lpm_divide:Mod0|lpm_divide_rll:auto_generated|sign_div_unsign_qlh:divider|alt_u_div_uhe:divider|add_sub_24_result_int[0]~12" File: D:/Codes/VeriLog/db/alt_u_div_uhe.tdf Line: 112
    Info (17048): Logic cell "lpm_divide:Mod0|lpm_divide_rll:auto_generated|sign_div_unsign_qlh:divider|alt_u_div_uhe:divider|add_sub_29_result_int[0]~12" File: D:/Codes/VeriLog/db/alt_u_div_uhe.tdf Line: 137
    Info (17048): Logic cell "lpm_divide:Div0|lpm_divide_otl:auto_generated|sign_div_unsign_qlh:divider|alt_u_div_uhe:divider|add_sub_22_result_int[0]~14" File: D:/Codes/VeriLog/db/alt_u_div_uhe.tdf Line: 102
    Info (17048): Logic cell "lpm_divide:Div0|lpm_divide_otl:auto_generated|sign_div_unsign_qlh:divider|alt_u_div_uhe:divider|add_sub_23_result_int[0]~14" File: D:/Codes/VeriLog/db/alt_u_div_uhe.tdf Line: 107
    Info (17048): Logic cell "lpm_divide:Div0|lpm_divide_otl:auto_generated|sign_div_unsign_qlh:divider|alt_u_div_uhe:divider|add_sub_24_result_int[0]~14" File: D:/Codes/VeriLog/db/alt_u_div_uhe.tdf Line: 112
    Info (17048): Logic cell "lpm_divide:Div0|lpm_divide_otl:auto_generated|sign_div_unsign_qlh:divider|alt_u_div_uhe:divider|add_sub_29_result_int[0]~14" File: D:/Codes/VeriLog/db/alt_u_div_uhe.tdf Line: 137
Info (144001): Generated suppressed messages file D:/Codes/VeriLog/output_files/PipeTemp_Controller.map.smsg
Info (16010): Generating hard_block partition "hard_block:auto_generated_inst"
    Info (16011): Adding 0 node(s), including 0 DDIO, 0 PLL, 0 transceiver and 0 LCELL
Info (21057): Implemented 1098 device resources after synthesis - the final resource count might be different
    Info (21058): Implemented 10 input pins
    Info (21059): Implemented 31 output pins
    Info (21061): Implemented 1057 logic cells
Info: Quartus Prime Analysis & Synthesis was successful. 0 errors, 17 warnings
    Info: Peak virtual memory: 4787 megabytes
    Info: Processing ended: Mon Apr 29 11:59:19 2024
    Info: Elapsed time: 00:00:09
    Info: Total CPU time (on all processors): 00:00:08


+------------------------------------------+
; Analysis & Synthesis Suppressed Messages ;
+------------------------------------------+
The suppressed messages can be found in D:/Codes/VeriLog/output_files/PipeTemp_Controller.map.smsg.


